{
  "status": "complete",
  "created_at_utc": "2026-07-04T04:06:34.378630+00:00",
  "execution_host": "MacBook-Pro.local",
  "source_head": "216c2f0442c13e68003fccda3f3421c265138e27+dirty",
  "output_dir": "0_trials/module2_gate3_formal/gate3_no_warm_formal_v1/train",
  "manifest": "0_trials/module2_gate3_formal/gate3_no_warm_formal_v1/train/training_manifest.json",
  "final_model": "final_model.zip",
  "checkpoint_count": 11,
  "warm_start_status": "not_applied_f02_6_pending",
  "config": {
    "command": "python -m forest_n3p.scripts.train_rl_rs_ppo --output-dir 0_trials/module2_gate3_formal/gate3_no_warm_formal_v1/train --seed 20260704 --device auto --curriculum-preset f03 --oracle-path 0_trials/module2_oracle_shape/oracle_connector_results.parquet --heldout-seed 20260704 --n-envs 1 --total-timesteps 100000 --n-steps 128 --batch-size 64 --n-epochs 4 --learning-rate 0.0003 --gamma 0.99 --gae-lambda 0.95 --clip-range 0.2 --ent-coef 0.0 --vf-coef 0.5 --max-grad-norm 0.5 --policy-net-arch 128,128,64 --value-net-arch 128,128,64 --checkpoint-freq 10000 --verbose 0 --obs-patch-size-m 6.4 --obs-patch-cells 64 --obs-edt-clip-m 2.0 --max-steps 32 --action-step-m 0.3 --collision-sample-step-m 0.1 --terminal-check-every 1 --theta-bins 72 --allow-duplicate-openmp",
    "smoke": false,
    "seed": 20260704,
    "policy": "MultiInputPolicy",
    "features_extractor": "RlRsObstacleSummaryExtractor",
    "warm_start_status": "not_applied_f02_6_pending",
    "bc_checkpoint": null,
    "curriculum_preset": "f03",
    "oracle_path": "0_trials/module2_oracle_shape/oracle_connector_results.parquet",
    "heldout_seed": 20260704,
    "n_envs": 1,
    "total_timesteps": 100000,
    "n_steps": 128,
    "batch_size": 64,
    "n_epochs": 4,
    "learning_rate": 0.0003,
    "gamma": 0.99,
    "gae_lambda": 0.95,
    "clip_range": 0.2,
    "ent_coef": 0.0,
    "vf_coef": 0.5,
    "max_grad_norm": 0.5,
    "policy_net_arch": [
      128,
      128,
      64
    ],
    "value_net_arch": [
      128,
      128,
      64
    ],
    "tensorboard_log": null,
    "checkpoint_freq": 10000,
    "device": "auto",
    "allow_duplicate_openmp": true,
    "observation_config": {
      "patch_size_m": 6.4,
      "patch_cells": 64,
      "include_edt": true,
      "edt_clip_m": 2.0
    },
    "env_config": {
      "max_steps": 32,
      "action_step_m": 0.3,
      "collision_sample_step_m": 0.1,
      "terminal_check_every": 1,
      "theta_bins": 72
    },
    "warm_start": {
      "status": "not_applied_f02_6_pending"
    }
  }
}
{
  "schema_version": 1,
  "gate_name": "module2_f03_gate3",
  "contract": ".pipeline/contracts/module2-ppo-funnel-expansion.md",
  "decision": "fail",
  "decision_rule": "pass iff episodes >= min_episodes and terminal_rs_success_rate >= success_threshold",
  "success_threshold": 0.8,
  "min_episodes": 64,
  "episodes": 64,
  "terminal_rs_success": 29,
  "terminal_rs_success_rate": 0.453125,
  "collision": 23,
  "collision_rate": 0.359375,
  "truncated": 12,
  "truncation_rate": 0.1875,
  "model": "0_trials/module2_gate3_formal/gate3_no_warm_formal_v1/train/final_model.zip",
  "model_sha256": "3b34c57b41ad304bfecf31c6eaf1a327432aee79f409a3a669d9f27607acbd82",
  "episodes_csv": "0_trials/module2_gate3_formal/gate3_no_warm_formal_v1/eval/gate3_eval_episodes.csv",
  "created_at_utc": "2026-07-04T04:06:54.892038+00:00",
  "execution_host": "MacBook-Pro.local",
  "source_head": "216c2f0442c13e68003fccda3f3421c265138e27+dirty",
  "config": {
    "command": "python -m forest_n3p.scripts.eval_rl_rs_gate3 --model 0_trials/module2_gate3_formal/gate3_no_warm_formal_v1/train/final_model.zip --output-dir 0_trials/module2_gate3_formal/gate3_no_warm_formal_v1/eval --seed 20260704 --device auto --curriculum-preset f03 --oracle-path 0_trials/module2_oracle_shape/oracle_connector_results.parquet --heldout-seed 20260704 --episodes 64 --min-episodes 64 --success-threshold 0.8 --obs-patch-size-m 6.4 --obs-patch-cells 64 --obs-edt-clip-m 2.0 --max-steps 32 --action-step-m 0.3 --collision-sample-step-m 0.1 --terminal-check-every 1 --theta-bins 72 --allow-duplicate-openmp",
    "seed": 20260704,
    "device": "auto",
    "curriculum_preset": "f03",
    "oracle_path": "0_trials/module2_oracle_shape/oracle_connector_results.parquet",
    "heldout_seed": 20260704,
    "episodes": 64,
    "observation_config": {
      "patch_size_m": 6.4,
      "patch_cells": 64,
      "include_edt": true,
      "edt_clip_m": 2.0
    },
    "env_config": {
      "max_steps": 32,
      "action_step_m": 0.3,
      "collision_sample_step_m": 0.1,
      "terminal_check_every": 1,
      "theta_bins": 72
    }
  }
}
{
  "schema_version": 1,
  "trial_name": "module2_f03_gate3_train_eval",
  "status": "complete",
  "created_at_utc": "2026-07-04T04:06:54.949910+00:00",
  "execution_host": "MacBook-Pro.local",
  "source_head": "216c2f0442c13e68003fccda3f3421c265138e27+dirty",
  "command": "python -m forest_n3p.scripts.run_rl_rs_gate3_trial --output-dir 0_trials/module2_gate3_formal/gate3_no_warm_formal_v1 --seed 20260704 --device auto --train-curriculum-preset f03 --eval-curriculum-preset f03 --oracle-path 0_trials/module2_oracle_shape/oracle_connector_results.parquet --heldout-seed 20260704 --train-total-timesteps 100000 --train-n-envs 1 --train-n-steps 128 --train-batch-size 64 --train-n-epochs 4 --eval-episodes 64 --eval-min-episodes 64 --eval-success-threshold 0.8 --obs-patch-size-m 6.4 --obs-patch-cells 64 --max-steps 32 --allow-duplicate-openmp",
  "smoke": false,
  "formal_gate_claim": false,
  "formal_gate_boundary": "runner produces auditable train/eval evidence only; formal Gate #3 judgment requires protocol review",
  "warm_start_status": "not_applied_f02_6_pending",
  "bc_checkpoint": null,
  "train_output_dir": "train",
  "eval_output_dir": "eval",
  "train_model": "train/final_model.zip",
  "train_summary": "train/summary.json",
  "train_manifest": "train/training_manifest.json",
  "eval_summary": "eval/gate3_summary.json",
  "eval_episodes_csv": "eval/gate3_eval_episodes.csv",
  "gate3_decision": "fail",
  "terminal_rs_success_rate": 0.453125,
  "terminal_rs_success": 29,
  "episodes": 64,
  "success_threshold": 0.8,
  "train_config": {
    "command": "python -m forest_n3p.scripts.train_rl_rs_ppo --output-dir 0_trials/module2_gate3_formal/gate3_no_warm_formal_v1/train --seed 20260704 --device auto --curriculum-preset f03 --oracle-path 0_trials/module2_oracle_shape/oracle_connector_results.parquet --heldout-seed 20260704 --n-envs 1 --total-timesteps 100000 --n-steps 128 --batch-size 64 --n-epochs 4 --learning-rate 0.0003 --gamma 0.99 --gae-lambda 0.95 --clip-range 0.2 --ent-coef 0.0 --vf-coef 0.5 --max-grad-norm 0.5 --policy-net-arch 128,128,64 --value-net-arch 128,128,64 --checkpoint-freq 10000 --verbose 0 --obs-patch-size-m 6.4 --obs-patch-cells 64 --obs-edt-clip-m 2.0 --max-steps 32 --action-step-m 0.3 --collision-sample-step-m 0.1 --terminal-check-every 1 --theta-bins 72 --allow-duplicate-openmp",
    "smoke": false,
    "seed": 20260704,
    "policy": "MultiInputPolicy",
    "features_extractor": "RlRsObstacleSummaryExtractor",
    "warm_start_status": "not_applied_f02_6_pending",
    "bc_checkpoint": null,
    "curriculum_preset": "f03",
    "oracle_path": "0_trials/module2_oracle_shape/oracle_connector_results.parquet",
    "heldout_seed": 20260704,
    "n_envs": 1,
    "total_timesteps": 100000,
    "n_steps": 128,
    "batch_size": 64,
    "n_epochs": 4,
    "learning_rate": 0.0003,
    "gamma": 0.99,
    "gae_lambda": 0.95,
    "clip_range": 0.2,
    "ent_coef": 0.0,
    "vf_coef": 0.5,
    "max_grad_norm": 0.5,
    "policy_net_arch": [
      128,
      128,
      64
    ],
    "value_net_arch": [
      128,
      128,
      64
    ],
    "tensorboard_log": null,
    "checkpoint_freq": 10000,
    "device": "auto",
    "allow_duplicate_openmp": true,
    "observation_config": {
      "patch_size_m": 6.4,
      "patch_cells": 64,
      "include_edt": true,
      "edt_clip_m": 2.0
    },
    "env_config": {
      "max_steps": 32,
      "action_step_m": 0.3,
      "collision_sample_step_m": 0.1,
      "terminal_check_every": 1,
      "theta_bins": 72
    },
    "warm_start": {
      "status": "not_applied_f02_6_pending"
    }
  },
  "eval_config": {
    "command": "python -m forest_n3p.scripts.eval_rl_rs_gate3 --model 0_trials/module2_gate3_formal/gate3_no_warm_formal_v1/train/final_model.zip --output-dir 0_trials/module2_gate3_formal/gate3_no_warm_formal_v1/eval --seed 20260704 --device auto --curriculum-preset f03 --oracle-path 0_trials/module2_oracle_shape/oracle_connector_results.parquet --heldout-seed 20260704 --episodes 64 --min-episodes 64 --success-threshold 0.8 --obs-patch-size-m 6.4 --obs-patch-cells 64 --obs-edt-clip-m 2.0 --max-steps 32 --action-step-m 0.3 --collision-sample-step-m 0.1 --terminal-check-every 1 --theta-bins 72 --allow-duplicate-openmp",
    "seed": 20260704,
    "device": "auto",
    "curriculum_preset": "f03",
    "oracle_path": "0_trials/module2_oracle_shape/oracle_connector_results.parquet",
    "heldout_seed": 20260704,
    "episodes": 64,
    "observation_config": {
      "patch_size_m": 6.4,
      "patch_cells": 64,
      "include_edt": true,
      "edt_clip_m": 2.0
    },
    "env_config": {
      "max_steps": 32,
      "action_step_m": 0.3,
      "collision_sample_step_m": 0.1,
      "terminal_check_every": 1,
      "theta_bins": 72
    }
  },
  "source_hashes": {
    "2_experiment/forest_n3p/scripts/run_rl_rs_gate3_trial.py": "a2f0b8471584939ea9486339cb056f4748c452c26af6e957be6fbb410d73ce3f",
    "2_experiment/forest_n3p/scripts/train_rl_rs_ppo.py": "54a7168d9cd392fae7807d3ba61ab211567d3733b11bb6b64b57f222c470a0d2",
    "2_experiment/forest_n3p/scripts/eval_rl_rs_gate3.py": "0081be4422fef62059699d3bf0400e9c48f9f1b258073c40fb785e28ad7342be",
    "2_experiment/forest_n3p/rl_rs/sb3_policy.py": "c48e2484599f40ac11487181e8d46be992f455ea803efcec2b949fe8b1f0d1c3",
    "2_experiment/forest_n3p/rl_rs/gym_env.py": "a1427f246736d14d51106092c6d2bcff7a73d19ebb5d4b63edea13432f6cce15",
    "2_experiment/forest_n3p/rl_rs/curriculum.py": "6c1a5f5298e1be3e2ab0d146509aa4aaff43f887bffcc210eb2595536035dcf0",
    "2_experiment/forest_n3p/rl_rs/training_logging.py": "cd33630e8846db6af31506e8e20005648dfa071ae9b431c009c9e64809815339",
    "2_experiment/forest_n3p/rl_rs/env.py": "3e5e9a8b027f6d1bab6687506a580f036fa364f15d4a66ccad60cf6fd70b877d",
    "2_experiment/forest_n3p/rl_rs/reward.py": "d6a9dffb4271eeeb378faddc48f4b8f1c20290e5fb5a8eaa62352c44df42c052"
  }
}
