{"progress": 25, "selected_rows": 512, "replay_success_rows": 25, "demo_rows": 2420, "skipped_oracle_replay_failed": 0}
{"progress": 50, "selected_rows": 512, "replay_success_rows": 50, "demo_rows": 3880, "skipped_oracle_replay_failed": 0}
{"progress": 75, "selected_rows": 512, "replay_success_rows": 75, "demo_rows": 4919, "skipped_oracle_replay_failed": 0}
{"progress": 100, "selected_rows": 512, "replay_success_rows": 100, "demo_rows": 6314, "skipped_oracle_replay_failed": 0}
{"progress": 125, "selected_rows": 512, "replay_success_rows": 125, "demo_rows": 7946, "skipped_oracle_replay_failed": 0}
{"progress": 150, "selected_rows": 512, "replay_success_rows": 150, "demo_rows": 9330, "skipped_oracle_replay_failed": 0}
{"progress": 175, "selected_rows": 512, "replay_success_rows": 175, "demo_rows": 10664, "skipped_oracle_replay_failed": 0}
{"progress": 200, "selected_rows": 512, "replay_success_rows": 200, "demo_rows": 12328, "skipped_oracle_replay_failed": 0}
{"progress": 225, "selected_rows": 512, "replay_success_rows": 225, "demo_rows": 14708, "skipped_oracle_replay_failed": 0}
{"progress": 250, "selected_rows": 512, "replay_success_rows": 250, "demo_rows": 16289, "skipped_oracle_replay_failed": 0}
{"progress": 275, "selected_rows": 512, "replay_success_rows": 275, "demo_rows": 18534, "skipped_oracle_replay_failed": 0}
{"progress": 300, "selected_rows": 512, "replay_success_rows": 300, "demo_rows": 20272, "skipped_oracle_replay_failed": 0}
{"progress": 325, "selected_rows": 512, "replay_success_rows": 325, "demo_rows": 21301, "skipped_oracle_replay_failed": 0}
{"progress": 350, "selected_rows": 512, "replay_success_rows": 350, "demo_rows": 22138, "skipped_oracle_replay_failed": 0}
{"progress": 375, "selected_rows": 512, "replay_success_rows": 375, "demo_rows": 24474, "skipped_oracle_replay_failed": 0}
{"progress": 400, "selected_rows": 512, "replay_success_rows": 400, "demo_rows": 27595, "skipped_oracle_replay_failed": 0}
{"progress": 425, "selected_rows": 512, "replay_success_rows": 425, "demo_rows": 30840, "skipped_oracle_replay_failed": 0}
{"progress": 450, "selected_rows": 512, "replay_success_rows": 450, "demo_rows": 34081, "skipped_oracle_replay_failed": 0}
{"progress": 475, "selected_rows": 512, "replay_success_rows": 475, "demo_rows": 38681, "skipped_oracle_replay_failed": 0}
{"progress": 500, "selected_rows": 512, "replay_success_rows": 500, "demo_rows": 41578, "skipped_oracle_replay_failed": 0}
{"progress": 512, "selected_rows": 512, "replay_success_rows": 512, "demo_rows": 42428, "skipped_oracle_replay_failed": 0}
{
  "status": "complete",
  "created_at_utc": "2026-07-04T02:04:01.423266+00:00",
  "execution_host": "MacBook-Pro.local",
  "source_head": "9220bd363d46769edba41a6c086ad70cdb1c3801",
  "command": "python -m forest_n3p.scripts.extract_oracle_demonstrations --buckets Extreme --filter-best-oracle oracle_a --oracle-types best --max-records 512 --progress-every 25 --source-head 9220bd363d46769edba41a6c086ad70cdb1c3801 --output 2_experiment/forest_n3p/datasets/module2_rl_rs_bc/demonstrations_formal_v2_extreme_a512.parquet",
  "input": "0_trials/module2_oracle_shape/oracle_connector_results.parquet",
  "output": "2_experiment/forest_n3p/datasets/module2_rl_rs_bc/demonstrations_formal_v2_extreme_a512.parquet",
  "input_row_count": 7860,
  "selected_rows": 512,
  "replay_success_rows": 512,
  "demo_rows": 42428,
  "skipped_not_connectable": 0,
  "skipped_oracle_replay_failed": 0,
  "skipped_terminal_rs_ready": 15670,
  "skipped_collision": 0,
  "skipped_reverse": 333,
  "skipped_short": 0,
  "config": {
    "density_profile_buckets": "validation_t06",
    "buckets": "Extreme",
    "oracle_types": "best",
    "filter_best_oracle": "oracle_a",
    "oracle_b_candidate_sources": null,
    "exclude_oracle_b_candidate_sources": null,
    "max_records": 512,
    "row_offset": 0,
    "progress_every": 25,
    "stop_at_terminal_rs": true,
    "min_step_length_m": 0.0001,
    "turning_radius_m": 1.0,
    "wheelbase_m": 0.6,
    "theta_bins": 72,
    "rs_sample_step_m": 0.05,
    "obs_config": {
      "patch_storage": "reconstructable_from_map_seed_pose_goal_not_inlined",
      "patch_size_m": 6.4,
      "patch_cells": 64,
      "include_edt": true,
      "edt_clip_m": 3.0
    }
  }
}
