Traceback (most recent call last):
  File "<frozen runpy>", line 198, in _run_module_as_main
  File "<frozen runpy>", line 88, in _run_code
  File "/Users/sun/tongbu/study/phdproject/ForestNav/2_experiment/forest_n3p/scripts/run_rl_rs_gate3_trial.py", line 339, in <module>
    raise SystemExit(main())
                     ~~~~^^
  File "/Users/sun/tongbu/study/phdproject/ForestNav/2_experiment/forest_n3p/scripts/run_rl_rs_gate3_trial.py", line 31, in main
    train_rc = train_rl_rs_ppo_main(_train_argv(args=args, train_dir=train_dir))
  File "/Users/sun/tongbu/study/phdproject/ForestNav/2_experiment/forest_n3p/scripts/train_rl_rs_ppo.py", line 61, in main
    model.learn(total_timesteps=int(args.total_timesteps), callback=callbacks)
    ~~~~~~~~~~~^^^^^^^^^^^^^^^^^^^^^^^^^^^^^^^^^^^^^^^^^^^^^^^^^^^^^^^^^^^^^^^
  File "/opt/homebrew/Caskroom/miniforge/base/lib/python3.13/site-packages/stable_baselines3/ppo/ppo.py", line 311, in learn
    return super().learn(
           ~~~~~~~~~~~~~^
        total_timesteps=total_timesteps,
        ^^^^^^^^^^^^^^^^^^^^^^^^^^^^^^^^
    ...<4 lines>...
        progress_bar=progress_bar,
        ^^^^^^^^^^^^^^^^^^^^^^^^^^
    )
    ^
  File "/opt/homebrew/Caskroom/miniforge/base/lib/python3.13/site-packages/stable_baselines3/common/on_policy_algorithm.py", line 324, in learn
    continue_training = self.collect_rollouts(self.env, callback, self.rollout_buffer, n_rollout_steps=self.n_steps)
  File "/opt/homebrew/Caskroom/miniforge/base/lib/python3.13/site-packages/stable_baselines3/common/on_policy_algorithm.py", line 218, in collect_rollouts
    new_obs, rewards, dones, infos = env.step(clipped_actions)
                                     ~~~~~~~~^^^^^^^^^^^^^^^^^
  File "/opt/homebrew/Caskroom/miniforge/base/lib/python3.13/site-packages/stable_baselines3/common/vec_env/base_vec_env.py", line 222, in step
    return self.step_wait()
           ~~~~~~~~~~~~~~^^
  File "/opt/homebrew/Caskroom/miniforge/base/lib/python3.13/site-packages/stable_baselines3/common/vec_env/dummy_vec_env.py", line 71, in step_wait
    obs, self.reset_infos[env_idx] = self.envs[env_idx].reset()
                                     ~~~~~~~~~~~~~~~~~~~~~~~~^^
  File "/Users/sun/tongbu/study/phdproject/ForestNav/2_experiment/forest_n3p/rl_rs/training_logging.py", line 67, in reset
    observation, info = self.env.reset(**kwargs)
                        ~~~~~~~~~~~~~~^^^^^^^^^^
  File "/Users/sun/tongbu/study/phdproject/ForestNav/2_experiment/forest_n3p/rl_rs/gym_env.py", line 70, in reset
    context = _context_from_options(options) or self.context_sampler(self.np_random)
                                                ~~~~~~~~~~~~~~~~~~~~^^^^^^^^^^^^^^^^
  File "/Users/sun/tongbu/study/phdproject/ForestNav/2_experiment/forest_n3p/rl_rs/curriculum.py", line 246, in __call__
    context = sampler(rng)
  File "/Users/sun/tongbu/study/phdproject/ForestNav/2_experiment/forest_n3p/rl_rs/curriculum.py", line 157, in __call__
    return _build_context(grid_map, start, goal, self.config)
  File "/Users/sun/tongbu/study/phdproject/ForestNav/2_experiment/forest_n3p/rl_rs/curriculum.py", line 299, in _build_context
    raise ValueError("sampled curriculum goal state is in collision")
ValueError: sampled curriculum goal state is in collision
