	Command being timed: "python -m forest_n3p.scripts.run_main_evaluation --output-dir .pipeline/experiments/20260620_t14_candidate_5method_fullscale_tracefix --queries-per-bucket 100 --seed-count 5 --queries-per-map 5 --methods f_n3p_knn,vanilla_ha,n3p_k1,voronoi_waypoint,bottleneck_waypoint --distance-bins 8:12,12:16,16:20,20: --allow-unreviewed-cutpoints --bootstrap-resamples 5000"
	User time (seconds): 1105.54
	System time (seconds): 2.18
	Percent of CPU this job got: 100%
	Elapsed (wall clock) time (h:mm:ss or m:ss): 18:19.59
	Average shared text size (kbytes): 0
	Average unshared data size (kbytes): 0
	Average stack size (kbytes): 0
	Average total size (kbytes): 0
	Maximum resident set size (kbytes): 264744
	Average resident set size (kbytes): 0
	Major (requiring I/O) page faults: 0
	Minor (reclaiming a frame) page faults: 326948
	Voluntary context switches: 3049
	Involuntary context switches: 99537
	Swaps: 0
	File system inputs: 0
	File system outputs: 1072
	Socket messages sent: 0
	Socket messages received: 0
	Signals delivered: 0
	Page size (bytes): 4096
	Exit status: 0
