Traceback (most recent call last):
  File "<frozen runpy>", line 198, in _run_module_as_main
  File "<frozen runpy>", line 88, in _run_code
  File "/home/ubuntu/ForestNav/2_experiment/forest_n3p/scripts/train_rl_rs_ppo.py", line 599, in <module>
    raise SystemExit(main())
                     ^^^^^^
  File "/home/ubuntu/ForestNav/2_experiment/forest_n3p/scripts/train_rl_rs_ppo.py", line 81, in main
    model.learn(total_timesteps=int(args.total_timesteps), callback=callbacks)
  File "/home/ubuntu/ForestNav.pre_git_20260707T101154Z/.venv/lib/python3.12/site-packages/stable_baselines3/ppo/ppo.py", line 311, in learn
    return super().learn(
           ^^^^^^^^^^^^^^
  File "/home/ubuntu/ForestNav.pre_git_20260707T101154Z/.venv/lib/python3.12/site-packages/stable_baselines3/common/on_policy_algorithm.py", line 324, in learn
    continue_training = self.collect_rollouts(self.env, callback, self.rollout_buffer, n_rollout_steps=self.n_steps)
                        ^^^^^^^^^^^^^^^^^^^^^^^^^^^^^^^^^^^^^^^^^^^^^^^^^^^^^^^^^^^^^^^^^^^^^^^^^^^^^^^^^^^^^^^^^^^^
  File "/home/ubuntu/ForestNav.pre_git_20260707T101154Z/.venv/lib/python3.12/site-packages/stable_baselines3/common/on_policy_algorithm.py", line 218, in collect_rollouts
    new_obs, rewards, dones, infos = env.step(clipped_actions)
                                     ^^^^^^^^^^^^^^^^^^^^^^^^^
  File "/home/ubuntu/ForestNav.pre_git_20260707T101154Z/.venv/lib/python3.12/site-packages/stable_baselines3/common/vec_env/base_vec_env.py", line 222, in step
    return self.step_wait()
           ^^^^^^^^^^^^^^^^
  File "/home/ubuntu/ForestNav.pre_git_20260707T101154Z/.venv/lib/python3.12/site-packages/stable_baselines3/common/vec_env/dummy_vec_env.py", line 71, in step_wait
    obs, self.reset_infos[env_idx] = self.envs[env_idx].reset()
                                     ^^^^^^^^^^^^^^^^^^^^^^^^^^
  File "/home/ubuntu/ForestNav/2_experiment/forest_n3p/rl_rs/training_logging.py", line 68, in reset
    observation, info = self.env.reset(**kwargs)
                        ^^^^^^^^^^^^^^^^^^^^^^^^
  File "/home/ubuntu/ForestNav/2_experiment/forest_n3p/rl_rs/gym_env.py", line 70, in reset
    context = _context_from_options(options) or self.context_sampler(self.np_random)
                                                ^^^^^^^^^^^^^^^^^^^^^^^^^^^^^^^^^^^^
  File "/home/ubuntu/ForestNav/2_experiment/forest_n3p/rl_rs/curriculum.py", line 262, in __call__
    context = sampler(rng)
              ^^^^^^^^^^^^
  File "/home/ubuntu/ForestNav/2_experiment/forest_n3p/rl_rs/curriculum.py", line 224, in __call__
    return _build_context(
           ^^^^^^^^^^^^^^^
  File "/home/ubuntu/ForestNav/2_experiment/forest_n3p/rl_rs/curriculum.py", line 313, in _build_context
    raise ValueError("sampled curriculum start state is in collision")
ValueError: sampled curriculum start state is in collision
